<html>
<body>
<pre>
<h1>µVision Build Log</h1>
<h2>Project:</h2>
F:\stm pro\test2\MDK-ARM\test2.uvprojx
Project File Date:  10/23/2021

<h2>Output:</h2>
Build target 'test2'
compiling main.c...
linking...
Program Size: Code=2804 RO-data=284 RW-data=16 ZI-data=1632  
FromELF: creating hex file...
"test2\test2.axf" - 0 Error(s), 0 Warning(s).

<h2>Software Packages used:</h2>

Package Vendor: ARM
                http://www.keil.com/pack/ARM.CMSIS.4.1.0.pack
                ARM::CMSIS:CORE:3.30.0
                CMSIS (Cortex Microcontroller Software Interface Standard)
   * Component: CORE Version: 3.30.0

<h2>Collection of Component include folders:</h2>
  F:\stm pro\test2\MDK-ARM\RTE
  F:\keil\ARM\PACK\ARM\CMSIS\4.1.0\CMSIS\Include

<h2>Collection of Component Files used:</h2>

   * Component: ARM::CMSIS:CORE:3.30.0
      Source file:   CMSIS\UserCodeTemplates\ARM\ITM_Retarget.c
ain.c(49): error:  #136: struct "<unnamed>" has no field "PLLP"
    RCC_OscInitStruct.PLL.PLLP = RCC_PLLP_DIV2;
../Core/Src/main.c(49): error:  #20: identifier "RCC_PLLP_DIV2" is undefined
    RCC_OscInitStruct.PLL.PLLP = RCC_PLLP_DIV2;
../Core/Src/main.c(50): error:  #136: struct "<unnamed>" has no field "PLLQ"
    RCC_OscInitStruct.PLL.PLLQ = 4;
../Core/Src/main.c(74): warning:  #223-D: function "__HAL_RCC_GPIOH_CLK_ENABLE" declared implicitly
    __HAL_RCC_GPIOH_CLK_ENABLE();
../Core/Src/main.c(106): warning:  #1-D: last line of file ends without a newline
  }
../Core/Src/main.c(101): error:  #37: the #endif for this directive is missing
  #ifdef  USE_FULL_ASSERT
../Core/Src/main.c: 3 warnings, 8 errors
"test2\test2.axf" - 8 Error(s), 3 Warning(s).

<h2>Software Packages used:</h2>

Package Vendor: ARM
                http://www.keil.com/pack/ARM.CMSIS.4.1.0.pack
                ARM::CMSIS:CORE:3.30.0
                CMSIS (Cortex Microcontroller Software Interface Standard)
   * Component: CORE Version: 3.30.0

<h2>Collection of Component include folders:</h2>
  F:\stm pro\test2\MDK-ARM\RTE
  F:\keil\ARM\PACK\ARM\CMSIS\4.1.0\CMSIS\Include

<h2>Collection of Component Files used:</h2>

   * Component: ARM::CMSIS:CORE:3.30.0
      Source file:   CMSIS\UserCodeTemplates\ARM\ITM_Retarget.c
Target not created
