<html>
<body>
<pre>
<h1>µVision Build Log</h1>
<h2>Project:</h2>
F:\stm pro\STM32F4_NgatNgoai_NutBam\MDK-ARM\STM32F4_NgatNgoai_NutBam.uvprojx
Project File Date:  11/05/2021

<h2>Output:</h2>
Build target 'STM32F4_NgatNgoai_NutBam'
compiling main.c...
linking...
Program Size: Code=3170 RO-data=454 RW-data=16 ZI-data=1632  
FromELF: creating hex file...
"STM32F4_NgatNgoai_NutBam\STM32F4_NgatNgoai_NutBam.axf" - 0 Error(s), 0 Warning(s).

<h2>Software Packages used:</h2>

Package Vendor: ARM
                http://www.keil.com/pack/ARM.CMSIS.4.1.0.pack
                ARM::CMSIS:CORE:3.30.0
                CMSIS (Cortex Microcontroller Software Interface Standard)
   * Component: CORE Version: 3.30.0

<h2>Collection of Component include folders:</h2>
  F:\stm pro\STM32F4_NgatNgoai_NutBam\MDK-ARM\RTE
  F:\keil\ARM\PACK\ARM\CMSIS\4.1.0\CMSIS\Include
  F:\keil\ARM\PACK\Keil\STM32F4xx_DFP\2.2.0\Drivers\CMSIS\Device\ST\STM32F4xx\Include

<h2>Collection of Component Files used:</h2>

   * Component: ARM::CMSIS:CORE:3.30.0
      Source file:   CMSIS\UserCodeTemplates\ARM\ITM_Retarget.c
</pre>
</body>
</html>
sed:</h2>

Package Vendor: ARM
                http://www.keil.com/pack/ARM.CMSIS.4.1.0.pack
                ARM::CMSIS:CORE:3.30.0
                CMSIS (Cortex Microcontroller Software Interface Standard)
   * Component: CORE Version: 3.30.0

<h2>Collection of Component include folders:</h2>
  F:\stm pro\STM32F4_NgatNgoai_NutBam\MDK-ARM\RTE
  F:\keil\ARM\PACK\ARM\CMSIS\4.1.0\CMSIS\Include
  F:\keil\ARM\PACK\Keil\STM32F4xx_DFP\2.2.0\Drivers\CMSIS\Device\ST\STM32F4xx\Include

<h2>Collection of Component Files used:</h2>

   * Component: ARM::CMSIS:CORE:3.30.0
      Source file:   CMSIS\UserCodeTemplates\ARM\ITM_Retarget.c
