<html>
<body>
<pre>
<h1>µVision Build Log</h1>
<h2>Project:</h2>
F:\stm pro\LedTraiTim\MDK-ARM\LedTraiTim.uvprojx
Project File Date:  11/01/2021

<h2>Output:</h2>
Build target 'LedTraiTim'
assembling startup_stm32f401xe.s...
compiling main.c...
../Core/Src/main.c(4): warning:  #1295-D: Deprecated declaration SangHetLed - give arg types
  void SangHetLed();
../Core/Src/main.c(5): warning:  #1295-D: Deprecated declaration TatHetLed - give arg types
  void TatHetLed();
../Core/Src/main.c(6): warning:  #1295-D: Deprecated declaration SangLanLuot - give arg types
  void SangLanLuot();
../Core/Src/main.c: 3 warnings, 0 errors
compiling stm32f4xx_it.c...
compiling stm32f4xx_hal_msp.c...
compiling stm32f4xx_hal_tim.c...
compiling stm32f4xx_hal_tim_ex.c...
compiling stm32f4xx_hal_rcc.c...
compiling stm32f4xx_hal_rcc_ex.c...
compiling stm32f4xx_hal_flash.c...
compiling stm32f4xx_hal_flash_ex.c...
compiling stm32f4xx_hal_flash_ramfunc.c...
compiling stm32f4xx_hal_gpio.c...
compiling stm32f4xx_hal_dma_ex.c...
compiling stm32f4xx_hal_dma.c...
compiling stm32f4xx_hal_pwr.c...
compiling stm32f4xx_hal_pwr_ex.c...
compiling stm32f4xx_hal_cortex.c...
compiling stm32f4xx_hal.c...
compiling stm32f4xx_hal_exti.c...
compiling system_stm32f4xx.c...
linking...
Program Size: Code=3350 RO-data=454 RW-data=16 ZI-data=1632  
FromELF: creating hex file...
"LedTraiTim\LedTraiTim.axf" - 0 Error(s), 3 Warning(s).

<h2>Software Packages used:</h2>

Package Vendor: ARM
                http://www.keil.com/pack/ARM.CMSIS.4.1.0.pack
                ARM::CMSIS:CORE:3.30.0
                CMSIS (Cortex Microcontroller Software Interface Standard)
   * Component: CORE Version: 3.30.0

<h2>Collection of Component include folders:</h2>
  F:\stm pro\LedTraiTim\MDK-ARM\RTE
  F:\keil\ARM\PACK\ARM\CMSIS\4.1.0\CMSIS\Include

<h2>Collection of Component Files used:</h2>

   * Component: ARM::CMSIS:CORE:3.30.0
      Source file:   CMSIS\UserCodeTemplates\ARM\ITM_Retarget.c
</pre>
</body>
</html>
